// Vitest Snapshot v1

exports[`Counter.vue > should render 1`] = `"<div><button class=\\"dec btn\\">-</button> 10 <button class=\\"inc btn\\">+</button></div>"`;
